// Jest Snapshot v1, https://goo.gl/fbAQLP

exports[`<Navbar /> renders correctly 1`] = `ShallowWrapper {}`;

exports[`addNewSpending renders correctly 1`] = `ShallowWrapper {}`;
