// Jest Snapshot v1, https://goo.gl/fbAQLP

exports[`withSizes renders correctly 1`] = `ShallowWrapper {}`;
